// Jest Snapshot v1, https://goo.gl/fbAQLP

exports[`Test the TaskModal component The TaskModal renders correctly 1`] = `
Array [
  <div
    className="modal_wrapper"
    onClick={[Function]}
  />,
  <div
    className="modal_container"
  >
     
    <form
      action="#"
      className="form_container"
      onReset={[Function]}
      onSubmit={[Function]}
    >
      <div
        className="modal_task_container"
      >
        <h2
          className="modal_task_title"
          data-testid="task-modal"
        />
        <div
          className="options_icon"
          data-testid="options-icon"
          onClick={[Function]}
        />
      </div>
      <p
        className="description"
      />
      <div
        className="container"
      >
        <p
          className="title"
        >
          Subtasks (undefined of undefined)
        </p>
      </div>
      <div
        className="container"
      >
        <p
          className="title"
        >
          Current Status
        </p>
        <select
          name="columnTitle"
          onBlur={[Function]}
          onChange={[Function]}
        />
      </div>
      <button
        className="button"
        data-testid="save-task"
        type="submit"
      >
        <div
          className="button_text"
        >
          Save
        </div>
      </button>
    </form>
  </div>,
]
`;
